// Jest Snapshot v1, https://goo.gl/fbAQLP

exports[`App deve renderizar sem crashar e bater snapshot 1`] = `
<View>
  <View
    style={
      {
        "flex": 1,
      }
    }
  >
    <View
      style={
        {
          "flex": 1,
        }
      }
    />
  </View>
</View>
`;
